// Jest Snapshot v1, https://goo.gl/fbAQLP

exports[`command handler 1`] = `"{"response_type":"in_channel","text":"Lock project angefragt","blocks":[{"type":"section","text":{"type":"mrkdwn","text":"Ich sperre gerne f체r dich ein Projekt. W채hle dazu bitte rechts das gew체nschte Projekt aus und ich mache mich sofort an die Arbeit."},"accessory":{"type":"static_select","action_id":"LOCK_PROJECT","placeholder":{"type":"plain_text","text":"Projekt ausw채hlen...","emoji":true},"options":[{"value":"1","text":{"type":"plain_text","text":"Project One","emoji":true}},{"value":"2","text":{"type":"plain_text","text":"Should not be filtered out because if missing deal","emoji":true}},{"value":"3","text":{"type":"plain_text","text":"Should be filtered out because if missing order number","emoji":true}},{"value":"4","text":{"type":"plain_text","text":"Project Four","emoji":true}}]}}]}"`;

exports[`respond when loads no projects 1`] = `"{"response_type":"in_channel","text":"Konnte keine Projekte finden."}"`;
