// Jest Snapshot v1, https://goo.gl/fbAQLP

exports[`Recruitment Incoming Job Application Mail should create gitlab issue from mail job application 1`] = `
[
  "35095396",
  "Job Application",
  "Template Content
Job Applicant
applicant@jestjs.io
I would like to work for you
https://outlook.office.com/mail/abc123
![Lebenslauf.pdf](https://gitlab.com/Lebenslauf.pdf)",
]
`;

exports[`Recruitment Incoming Job Application Mail should create gitlab issue from mail job application 2`] = `
[
  "35095396",
  6,
  "
<b><a href="mailto:applicant@jestjs.io?bcc=incoming+newcubator-people-employees-35095396-dxmv8fhkpi28plc4lptak2z5l-issue-6@incoming.gitlab.com"> >> Mail senden und als Kommentar anh√§ngen</a></b>
undefined",
]
`;
