// Jest Snapshot v1, https://goo.gl/fbAQLP

exports[`command handler short mail 1`] = `"{\\"response_type\\":\\"in_channel\\",\\"text\\":\\"Kurzbrief angefragt\\",\\"blocks\\":[{\\"type\\":\\"input\\",\\"block_id\\":\\"SHORT_MAIL_RECIPIENT\\",\\"label\\":{\\"type\\":\\"plain_text\\",\\"text\\":\\"Ich erstelle dir gerne einen Kurzbrief. Wähle dazu den Empfänger und deinen Standort aus und gibt deine Nachricht ein.\\"},\\"element\\":{\\"type\\":\\"static_select\\",\\"action_id\\":\\"SHORT_MAIL_RECIPIENT\\",\\"placeholder\\":{\\"type\\":\\"plain_text\\",\\"text\\":\\"Kontakt auswählen...\\",\\"emoji\\":true},\\"options\\":[{\\"value\\":\\"2\\",\\"text\\":{\\"type\\":\\"plain_text\\",\\"text\\":\\"Elon Musk\\",\\"emoji\\":true}},{\\"value\\":\\"2\\",\\"text\\":{\\"type\\":\\"plain_text\\",\\"text\\":\\"Steve Jobs\\",\\"emoji\\":true}}]}},{\\"type\\":\\"input\\",\\"block_id\\":\\"SHORT_MAIL_TEXT\\",\\"element\\":{\\"type\\":\\"plain_text_input\\",\\"action_id\\":\\"SHORT_MAIL_TEXT\\",\\"multiline\\":true},\\"label\\":{\\"type\\":\\"plain_text\\",\\"text\\":\\"Deine Nachricht:\\",\\"emoji\\":true}},{\\"type\\":\\"input\\",\\"block_id\\":\\"SHORT_MAIL_LOCATION\\",\\"label\\":{\\"type\\":\\"plain_text\\",\\"text\\":\\"Wähle deinen Standort aus:\\"},\\"element\\":{\\"type\\":\\"static_select\\",\\"action_id\\":\\"SHORT_MAIL_LOCATION\\",\\"placeholder\\":{\\"type\\":\\"plain_text\\",\\"text\\":\\"Standort auswählen...\\",\\"emoji\\":true},\\"options\\":[{\\"text\\":{\\"type\\":\\"plain_text\\",\\"text\\":\\"Dortmund\\",\\"emoji\\":true},\\"value\\":\\"D\\"},{\\"text\\":{\\"type\\":\\"plain_text\\",\\"text\\":\\"Hannover\\",\\"emoji\\":true},\\"value\\":\\"H\\"}]}},{\\"type\\":\\"actions\\",\\"block_id\\":\\"confirmationButton\\",\\"elements\\":[{\\"type\\":\\"button\\",\\"text\\":{\\"type\\":\\"plain_text\\",\\"text\\":\\"Generieren\\"},\\"value\\":\\"Confirmation\\",\\"style\\":\\"primary\\",\\"action_id\\":\\"SHORT_MAIL\\"}]}]}"`;

exports[`respond when loads no contacts 1`] = `"{\\"response_type\\":\\"in_channel\\",\\"text\\":\\"Konnte keine Kontakte finden.\\"}"`;
